
   INFO  Server running on [http://127.0.0.1:8000].  

  Press Ctrl+C to stop the server

  2024-02-25 13:44:44 ................................................................................................................................................................................................................ ~ 0s
  2024-02-25 13:44:44 /favicon.ico ................................................................................................................................................................................................... ~ 1s
  2024-02-25 13:44:50 ................................................................................................................................................................................................................ ~ 0s
  2024-02-25 13:44:50 /build/assets/app-dbd6c551.css ................................................................................................................................................................................. ~ 1s
  2024-02-25 13:44:51 /build/assets/app-97b94e95.js .................................................................................................................................................................................. ~ 0s
  2024-02-25 13:44:53 /favicon.ico ................................................................................................................................................................................................... ~ 0s
  2024-02-25 13:45:01 /favicon.ico ................................................................................................................................................................................................... ~ 0s
  2024-02-25 13:45:01 ................................................................................................................................................................................................................ ~ 2s
  2024-02-25 13:45:03 /build/assets/app-dbd6c551.css ................................................................................................................................................................................. ~ 1s
  2024-02-25 13:45:04 /build/assets/app-97b94e95.js .................................................................................................................................................................................. ~ 0s
  2024-02-25 13:45:04 /favicon.ico ................................................................................................................................................................................................... ~ 0s
  2024-02-25 13:48:53 ................................................................................................................................................................................................................ ~ 0s
  2024-02-25 13:48:53 /build/assets/app-dbd6c551.css ................................................................................................................................................................................. ~ 0s
  2024-02-25 13:48:53 /build/assets/app-97b94e95.js .................................................................................................................................................................................. ~ 0s
  2024-02-25 13:48:53 /favicon.ico ................................................................................................................................................................................................... ~ 0s
  2024-02-25 13:48:55 /favicon.ico ................................................................................................................................................................................................... ~ 0s
  2024-02-25 13:48:55 .............................................................................................................................................................................................................. ~ 164s
  2024-02-25 13:54:28 ................................................................................................................................................................................................................ ~ 0s
  2024-02-25 13:54:28 /build/assets/app-dbd6c551.css ................................................................................................................................................................................. ~ 0s
  2024-02-25 13:54:28 /build/assets/app-97b94e95.js .................................................................................................................................................................................. ~ 0s
  2024-02-25 13:54:28 /favicon.ico ................................................................................................................................................................................................... ~ 0s
  2024-02-25 13:54:33 ................................................................................................................................................................................................................ ~ 4s
  2024-02-25 13:54:33 /favicon.ico ................................................................................................................................................................................................... ~ 5s
  2024-02-25 13:59:10 /favicon.ico ................................................................................................................................................................................................... ~ 0s
  2024-02-25 13:59:10 /favicon.ico ................................................................................................................................................................................................... ~ 2s
  2024-02-25 13:59:12 ................................................................................................................................................................................................................ ~ 2s
  2024-02-25 13:59:13 /build/assets/app-dbd6c551.css ................................................................................................................................................................................. ~ 1s
  2024-02-25 13:59:14 /build/assets/app-97b94e95.js .................................................................................................................................................................................. ~ 0s
  2024-02-25 13:59:14 /favicon.ico ................................................................................................................................................................................................... ~ 0s
  2024-02-25 13:59:19 ................................................................................................................................................................................................................ ~ 2s
  2024-02-25 13:59:19 /favicon.ico ................................................................................................................................................................................................... ~ 3s
