2023/11/30 09:58:34 [emerg] 1#1: host not found in upstream "php" in /etc/nginx/conf.d/default.conf:18
2023/11/30 10:03:32 [notice] 1#1: using the "epoll" event method
2023/11/30 10:03:32 [notice] 1#1: nginx/1.20.2
2023/11/30 10:03:32 [notice] 1#1: built by gcc 10.2.1 20210110 (Debian 10.2.1-6) 
2023/11/30 10:03:32 [notice] 1#1: OS: Linux 6.5.0-kali3-amd64
2023/11/30 10:03:32 [notice] 1#1: getrlimit(RLIMIT_NOFILE): 1048576:1048576
2023/11/30 10:03:32 [notice] 1#1: start worker processes
2023/11/30 10:03:32 [notice] 1#1: start worker process 30
2023/11/30 10:03:32 [notice] 1#1: start worker process 31
2023/11/30 10:03:32 [notice] 1#1: start worker process 32
2023/11/30 10:03:32 [notice] 1#1: start worker process 33
2023/11/30 10:03:34 [error] 30#30: *1 directory index of "/var/www/html/" is forbidden, client: 172.27.0.1, server: , request: "GET / HTTP/1.1", host: "localhost"
2023/11/30 10:05:11 [notice] 1#1: signal 3 (SIGQUIT) received, shutting down
2023/11/30 10:05:11 [notice] 30#30: gracefully shutting down
2023/11/30 10:05:11 [notice] 31#31: gracefully shutting down
2023/11/30 10:05:11 [notice] 31#31: exiting
2023/11/30 10:05:11 [notice] 32#32: gracefully shutting down
2023/11/30 10:05:11 [notice] 31#31: exit
2023/11/30 10:05:11 [notice] 33#33: gracefully shutting down
2023/11/30 10:05:11 [notice] 30#30: exiting
2023/11/30 10:05:11 [notice] 33#33: exiting
2023/11/30 10:05:11 [notice] 32#32: exiting
2023/11/30 10:05:11 [notice] 30#30: exit
2023/11/30 10:05:11 [notice] 33#33: exit
2023/11/30 10:05:11 [notice] 32#32: exit
2023/11/30 10:05:11 [notice] 1#1: signal 17 (SIGCHLD) received from 31
2023/11/30 10:05:11 [notice] 1#1: worker process 31 exited with code 0
2023/11/30 10:05:11 [notice] 1#1: signal 29 (SIGIO) received
2023/11/30 10:05:11 [notice] 1#1: signal 17 (SIGCHLD) received from 32
2023/11/30 10:05:11 [notice] 1#1: worker process 32 exited with code 0
2023/11/30 10:05:11 [notice] 1#1: signal 29 (SIGIO) received
2023/11/30 10:05:11 [notice] 1#1: signal 17 (SIGCHLD) received from 30
2023/11/30 10:05:11 [notice] 1#1: worker process 30 exited with code 0
2023/11/30 10:05:11 [notice] 1#1: signal 29 (SIGIO) received
2023/11/30 10:05:11 [notice] 1#1: signal 17 (SIGCHLD) received from 33
2023/11/30 10:05:11 [notice] 1#1: worker process 33 exited with code 0
2023/11/30 10:05:11 [notice] 1#1: exit
2023/11/30 10:05:35 [notice] 1#1: using the "epoll" event method
2023/11/30 10:05:35 [notice] 1#1: nginx/1.20.2
2023/11/30 10:05:35 [notice] 1#1: built by gcc 10.2.1 20210110 (Debian 10.2.1-6) 
2023/11/30 10:05:35 [notice] 1#1: OS: Linux 6.5.0-kali3-amd64
2023/11/30 10:05:35 [notice] 1#1: getrlimit(RLIMIT_NOFILE): 1048576:1048576
2023/11/30 10:05:35 [notice] 1#1: start worker processes
2023/11/30 10:05:35 [notice] 1#1: start worker process 30
2023/11/30 10:05:35 [notice] 1#1: start worker process 31
2023/11/30 10:05:35 [notice] 1#1: start worker process 32
2023/11/30 10:05:35 [notice] 1#1: start worker process 33
2023/11/30 10:05:40 [error] 31#31: *2 connect() failed (111: Connection refused) while connecting to upstream, client: 172.27.0.1, server: , request: "GET / HTTP/1.1", upstream: "http://127.0.0.1:8000/", host: "localhost"
2023/11/30 10:05:40 [error] 31#31: *2 connect() failed (111: Connection refused) while connecting to upstream, client: 172.27.0.1, server: , request: "GET / HTTP/1.1", upstream: "http://127.0.0.1:8000/", host: "localhost"
2023/11/30 10:06:00 [notice] 1#1: signal 3 (SIGQUIT) received, shutting down
2023/11/30 10:06:00 [notice] 31#31: gracefully shutting down
2023/11/30 10:06:00 [notice] 30#30: gracefully shutting down
2023/11/30 10:06:00 [notice] 32#32: gracefully shutting down
2023/11/30 10:06:00 [notice] 33#33: gracefully shutting down
2023/11/30 10:06:00 [notice] 31#31: exiting
2023/11/30 10:06:00 [notice] 32#32: exiting
2023/11/30 10:06:00 [notice] 33#33: exiting
2023/11/30 10:06:00 [notice] 31#31: exit
2023/11/30 10:06:00 [notice] 32#32: exit
2023/11/30 10:06:00 [notice] 33#33: exit
2023/11/30 10:06:00 [notice] 1#1: signal 17 (SIGCHLD) received from 31
2023/11/30 10:06:00 [notice] 1#1: worker process 31 exited with code 0
2023/11/30 10:06:00 [notice] 1#1: signal 29 (SIGIO) received
2023/11/30 10:06:00 [notice] 1#1: signal 17 (SIGCHLD) received from 33
2023/11/30 10:06:00 [notice] 1#1: worker process 32 exited with code 0
2023/11/30 10:06:00 [notice] 1#1: worker process 33 exited with code 0
2023/11/30 10:06:00 [notice] 1#1: signal 29 (SIGIO) received
2023/11/30 10:06:30 [notice] 1#1: using the "epoll" event method
2023/11/30 10:06:30 [notice] 1#1: nginx/1.20.2
2023/11/30 10:06:30 [notice] 1#1: built by gcc 10.2.1 20210110 (Debian 10.2.1-6) 
2023/11/30 10:06:30 [notice] 1#1: OS: Linux 6.5.0-kali3-amd64
2023/11/30 10:06:30 [notice] 1#1: getrlimit(RLIMIT_NOFILE): 1048576:1048576
2023/11/30 10:06:30 [notice] 1#1: start worker processes
2023/11/30 10:06:30 [notice] 1#1: start worker process 30
2023/11/30 10:06:30 [notice] 1#1: start worker process 31
2023/11/30 10:06:30 [notice] 1#1: start worker process 32
2023/11/30 10:06:30 [notice] 1#1: start worker process 33
2023/11/30 10:06:33 [error] 30#30: *1 connect() failed (111: Connection refused) while connecting to upstream, client: 172.27.0.1, server: , request: "GET / HTTP/1.1", upstream: "http://127.0.0.1:5173/", host: "localhost"
2023/11/30 10:06:33 [error] 30#30: *1 connect() failed (111: Connection refused) while connecting to upstream, client: 172.27.0.1, server: , request: "GET / HTTP/1.1", upstream: "http://127.0.0.1:5173/", host: "localhost"
2023/11/30 10:06:36 [error] 30#30: *1 no live upstreams while connecting to upstream, client: 172.27.0.1, server: , request: "GET / HTTP/1.1", upstream: "http://localhost/", host: "localhost"
2023/11/30 10:06:38 [error] 30#30: *1 no live upstreams while connecting to upstream, client: 172.27.0.1, server: , request: "GET / HTTP/1.1", upstream: "http://localhost/", host: "localhost"
2023/11/30 10:15:44 [notice] 1#1: signal 3 (SIGQUIT) received, shutting down
2023/11/30 10:15:44 [notice] 31#31: gracefully shutting down
2023/11/30 10:15:44 [notice] 30#30: gracefully shutting down
2023/11/30 10:15:44 [notice] 33#33: gracefully shutting down
2023/11/30 10:15:44 [notice] 32#32: gracefully shutting down
2023/11/30 10:15:44 [notice] 31#31: exiting
2023/11/30 10:15:44 [notice] 32#32: exiting
2023/11/30 10:15:44 [notice] 30#30: exiting
2023/11/30 10:15:44 [notice] 32#32: exit
2023/11/30 10:15:44 [notice] 33#33: exiting
2023/11/30 10:15:44 [notice] 31#31: exit
2023/11/30 10:15:44 [notice] 33#33: exit
2023/11/30 10:15:44 [notice] 30#30: exit
2023/11/30 10:15:44 [notice] 1#1: signal 17 (SIGCHLD) received from 32
2023/11/30 10:15:44 [notice] 1#1: worker process 31 exited with code 0
2023/11/30 10:15:44 [notice] 1#1: worker process 32 exited with code 0
2023/11/30 10:15:44 [notice] 1#1: signal 29 (SIGIO) received
2023/11/30 10:15:44 [notice] 1#1: signal 17 (SIGCHLD) received from 33
2023/11/30 10:15:44 [notice] 1#1: worker process 33 exited with code 0
2023/11/30 10:15:44 [notice] 1#1: signal 29 (SIGIO) received
2023/11/30 10:15:44 [notice] 1#1: signal 17 (SIGCHLD) received from 30
2023/11/30 10:15:44 [notice] 1#1: worker process 30 exited with code 0
2023/11/30 10:15:44 [notice] 1#1: exit
2023/11/30 10:15:48 [emerg] 1#1: invalid URL prefix in /etc/nginx/conf.d/default.conf:14
2023/11/30 10:16:48 [notice] 1#1: using the "epoll" event method
2023/11/30 10:16:48 [notice] 1#1: nginx/1.20.2
2023/11/30 10:16:48 [notice] 1#1: built by gcc 10.2.1 20210110 (Debian 10.2.1-6) 
2023/11/30 10:16:48 [notice] 1#1: OS: Linux 6.5.0-kali3-amd64
2023/11/30 10:16:48 [notice] 1#1: getrlimit(RLIMIT_NOFILE): 1048576:1048576
2023/11/30 10:16:48 [notice] 1#1: start worker processes
2023/11/30 10:16:48 [notice] 1#1: start worker process 30
2023/11/30 10:16:48 [notice] 1#1: start worker process 31
2023/11/30 10:16:48 [notice] 1#1: start worker process 32
2023/11/30 10:16:48 [notice] 1#1: start worker process 33
2023/11/30 10:16:53 [error] 30#30: *1 connect() failed (111: Connection refused) while connecting to upstream, client: 172.27.0.1, server: , request: "GET / HTTP/1.1", upstream: "http://172.27.0.2:5173/", host: "localhost"
2023/11/30 10:18:16 [notice] 1#1: signal 3 (SIGQUIT) received, shutting down
2023/11/30 10:18:16 [notice] 31#31: gracefully shutting down
2023/11/30 10:18:16 [notice] 30#30: gracefully shutting down
2023/11/30 10:18:16 [notice] 32#32: gracefully shutting down
2023/11/30 10:18:16 [notice] 33#33: gracefully shutting down
2023/11/30 10:18:16 [notice] 31#31: exiting
2023/11/30 10:18:16 [notice] 30#30: exiting
2023/11/30 10:18:16 [notice] 32#32: exiting
2023/11/30 10:18:16 [notice] 30#30: exit
2023/11/30 10:18:16 [notice] 33#33: exiting
2023/11/30 10:18:16 [notice] 31#31: exit
2023/11/30 10:18:16 [notice] 33#33: exit
2023/11/30 10:18:16 [notice] 32#32: exit
2023/11/30 10:18:16 [notice] 1#1: signal 17 (SIGCHLD) received from 31
2023/11/30 10:18:16 [notice] 1#1: worker process 31 exited with code 0
2023/11/30 10:18:16 [notice] 1#1: worker process 33 exited with code 0
2023/11/30 10:18:16 [notice] 1#1: signal 29 (SIGIO) received
2023/11/30 10:18:16 [notice] 1#1: signal 17 (SIGCHLD) received from 30
2023/11/30 10:18:16 [notice] 1#1: worker process 30 exited with code 0
2023/11/30 10:18:16 [notice] 1#1: worker process 32 exited with code 0
2023/11/30 10:18:16 [notice] 1#1: exit
2023/11/30 10:18:59 [notice] 1#1: using the "epoll" event method
2023/11/30 10:18:59 [notice] 1#1: nginx/1.20.2
2023/11/30 10:18:59 [notice] 1#1: built by gcc 10.2.1 20210110 (Debian 10.2.1-6) 
2023/11/30 10:18:59 [notice] 1#1: OS: Linux 6.5.0-kali3-amd64
2023/11/30 10:18:59 [notice] 1#1: getrlimit(RLIMIT_NOFILE): 1048576:1048576
2023/11/30 10:18:59 [notice] 1#1: start worker processes
2023/11/30 10:18:59 [notice] 1#1: start worker process 30
2023/11/30 10:18:59 [notice] 1#1: start worker process 31
2023/11/30 10:18:59 [notice] 1#1: start worker process 32
2023/11/30 10:18:59 [notice] 1#1: start worker process 33
2023/11/30 10:19:04 [error] 30#30: *1 connect() failed (111: Connection refused) while connecting to upstream, client: 172.27.0.1, server: , request: "GET / HTTP/1.1", upstream: "http://127.0.0.1:3000/", host: "localhost"
2023/11/30 10:19:04 [error] 30#30: *1 connect() failed (111: Connection refused) while connecting to upstream, client: 172.27.0.1, server: , request: "GET / HTTP/1.1", upstream: "http://127.0.0.1:3000/", host: "localhost"
2023/11/30 10:19:28 [notice] 1#1: signal 3 (SIGQUIT) received, shutting down
2023/11/30 10:19:28 [notice] 30#30: gracefully shutting down
2023/11/30 10:19:28 [notice] 32#32: gracefully shutting down
2023/11/30 10:19:28 [notice] 33#33: gracefully shutting down
2023/11/30 10:19:28 [notice] 31#31: gracefully shutting down
2023/11/30 10:19:28 [notice] 31#31: exiting
2023/11/30 10:19:28 [notice] 32#32: exiting
2023/11/30 10:19:28 [notice] 33#33: exiting
2023/11/30 10:19:28 [notice] 32#32: exit
2023/11/30 10:19:28 [notice] 31#31: exit
2023/11/30 10:19:28 [notice] 33#33: exit
2023/11/30 10:19:28 [notice] 1#1: signal 17 (SIGCHLD) received from 32
2023/11/30 10:19:28 [notice] 1#1: worker process 32 exited with code 0
2023/11/30 10:19:28 [notice] 1#1: signal 29 (SIGIO) received
2023/11/30 10:19:28 [notice] 1#1: signal 17 (SIGCHLD) received from 31
2023/11/30 10:19:28 [notice] 1#1: worker process 31 exited with code 0
2023/11/30 10:19:28 [notice] 1#1: worker process 33 exited with code 0
2023/11/30 10:19:28 [notice] 1#1: signal 29 (SIGIO) received
2023/11/30 10:19:28 [notice] 1#1: signal 17 (SIGCHLD) received from 33
2023/11/30 10:20:00 [notice] 1#1: using the "epoll" event method
2023/11/30 10:20:00 [notice] 1#1: nginx/1.20.2
2023/11/30 10:20:00 [notice] 1#1: built by gcc 10.2.1 20210110 (Debian 10.2.1-6) 
2023/11/30 10:20:00 [notice] 1#1: OS: Linux 6.5.0-kali3-amd64
2023/11/30 10:20:00 [notice] 1#1: getrlimit(RLIMIT_NOFILE): 1048576:1048576
2023/11/30 10:20:00 [notice] 1#1: start worker processes
2023/11/30 10:20:00 [notice] 1#1: start worker process 30
2023/11/30 10:20:00 [notice] 1#1: start worker process 31
2023/11/30 10:20:00 [notice] 1#1: start worker process 32
2023/11/30 10:20:00 [notice] 1#1: start worker process 33
2023/11/30 10:21:30 [notice] 1#1: signal 3 (SIGQUIT) received, shutting down
2023/11/30 10:21:30 [notice] 30#30: gracefully shutting down
2023/11/30 10:21:30 [notice] 31#31: gracefully shutting down
2023/11/30 10:21:30 [notice] 31#31: exiting
2023/11/30 10:21:30 [notice] 32#32: gracefully shutting down
2023/11/30 10:21:30 [notice] 33#33: gracefully shutting down
2023/11/30 10:21:30 [notice] 31#31: exit
2023/11/30 10:21:30 [notice] 32#32: exiting
2023/11/30 10:21:30 [notice] 33#33: exiting
2023/11/30 10:21:30 [notice] 32#32: exit
2023/11/30 10:21:30 [notice] 33#33: exit
2023/11/30 10:21:30 [notice] 1#1: signal 17 (SIGCHLD) received from 32
2023/11/30 10:21:30 [notice] 1#1: worker process 32 exited with code 0
2023/11/30 10:21:30 [notice] 1#1: signal 29 (SIGIO) received
2023/11/30 10:21:30 [notice] 1#1: signal 17 (SIGCHLD) received from 31
2023/11/30 10:21:30 [notice] 1#1: worker process 31 exited with code 0
2023/11/30 10:21:30 [notice] 1#1: worker process 33 exited with code 0
2023/11/30 10:21:30 [notice] 1#1: signal 29 (SIGIO) received
2023/11/30 10:21:30 [notice] 1#1: signal 17 (SIGCHLD) received from 33
2023/11/30 10:22:03 [notice] 1#1: using the "epoll" event method
2023/11/30 10:22:03 [notice] 1#1: nginx/1.20.2
2023/11/30 10:22:03 [notice] 1#1: built by gcc 10.2.1 20210110 (Debian 10.2.1-6) 
2023/11/30 10:22:03 [notice] 1#1: OS: Linux 6.5.0-kali3-amd64
2023/11/30 10:22:03 [notice] 1#1: getrlimit(RLIMIT_NOFILE): 1048576:1048576
2023/11/30 10:22:03 [notice] 1#1: start worker processes
2023/11/30 10:22:03 [notice] 1#1: start worker process 30
2023/11/30 10:22:03 [notice] 1#1: start worker process 31
2023/11/30 10:22:03 [notice] 1#1: start worker process 32
2023/11/30 10:22:03 [notice] 1#1: start worker process 33
2023/11/30 10:22:41 [notice] 1#1: signal 3 (SIGQUIT) received, shutting down
2023/11/30 10:22:41 [notice] 30#30: gracefully shutting down
2023/11/30 10:22:41 [notice] 32#32: gracefully shutting down
2023/11/30 10:22:41 [notice] 33#33: gracefully shutting down
2023/11/30 10:22:41 [notice] 31#31: gracefully shutting down
2023/11/30 10:22:41 [notice] 30#30: exiting
2023/11/30 10:22:41 [notice] 30#30: exit
2023/11/30 10:22:41 [notice] 32#32: exiting
2023/11/30 10:22:41 [notice] 33#33: exiting
2023/11/30 10:22:41 [notice] 33#33: exit
2023/11/30 10:22:41 [notice] 31#31: exiting
2023/11/30 10:22:41 [notice] 31#31: exit
2023/11/30 10:22:41 [notice] 32#32: exit
2023/11/30 10:22:41 [notice] 1#1: signal 17 (SIGCHLD) received from 33
2023/11/30 10:22:41 [notice] 1#1: worker process 33 exited with code 0
2023/11/30 10:22:41 [notice] 1#1: signal 29 (SIGIO) received
2023/11/30 10:22:41 [notice] 1#1: signal 17 (SIGCHLD) received from 32
2023/11/30 10:22:41 [notice] 1#1: worker process 32 exited with code 0
2023/11/30 10:22:41 [notice] 1#1: signal 29 (SIGIO) received
2023/11/30 10:22:41 [notice] 1#1: signal 17 (SIGCHLD) received from 30
2023/11/30 10:22:41 [notice] 1#1: worker process 30 exited with code 0
2023/11/30 10:22:41 [notice] 1#1: worker process 31 exited with code 0
2023/11/30 10:22:41 [notice] 1#1: exit
2023/11/30 10:23:00 [notice] 1#1: using the "epoll" event method
2023/11/30 10:23:00 [notice] 1#1: nginx/1.20.2
2023/11/30 10:23:00 [notice] 1#1: built by gcc 10.2.1 20210110 (Debian 10.2.1-6) 
2023/11/30 10:23:00 [notice] 1#1: OS: Linux 6.5.0-kali3-amd64
2023/11/30 10:23:00 [notice] 1#1: getrlimit(RLIMIT_NOFILE): 1048576:1048576
2023/11/30 10:23:00 [notice] 1#1: start worker processes
2023/11/30 10:23:00 [notice] 1#1: start worker process 30
2023/11/30 10:23:00 [notice] 1#1: start worker process 31
2023/11/30 10:23:00 [notice] 1#1: start worker process 32
2023/11/30 10:23:00 [notice] 1#1: start worker process 33
2023/11/30 10:27:49 [notice] 1#1: signal 3 (SIGQUIT) received, shutting down
2023/11/30 10:27:49 [notice] 31#31: gracefully shutting down
2023/11/30 10:27:49 [notice] 33#33: gracefully shutting down
2023/11/30 10:27:49 [notice] 30#30: gracefully shutting down
2023/11/30 10:27:49 [notice] 32#32: gracefully shutting down
2023/11/30 10:27:49 [notice] 31#31: exiting
2023/11/30 10:27:49 [notice] 33#33: exiting
2023/11/30 10:27:49 [notice] 32#32: exiting
2023/11/30 10:27:49 [notice] 32#32: exit
2023/11/30 10:27:49 [notice] 31#31: exit
2023/11/30 10:27:49 [notice] 33#33: exit
2023/11/30 10:27:49 [notice] 1#1: signal 17 (SIGCHLD) received from 32
2023/11/30 10:27:49 [notice] 1#1: worker process 31 exited with code 0
2023/11/30 10:27:49 [notice] 1#1: worker process 32 exited with code 0
2023/11/30 10:27:49 [notice] 1#1: signal 29 (SIGIO) received
2023/11/30 10:27:49 [notice] 1#1: signal 17 (SIGCHLD) received from 33
2023/11/30 10:27:49 [notice] 1#1: worker process 33 exited with code 0
2023/11/30 10:27:49 [notice] 1#1: signal 29 (SIGIO) received
2023/11/30 10:28:46 [notice] 1#1: using the "epoll" event method
2023/11/30 10:28:46 [notice] 1#1: nginx/1.20.2
2023/11/30 10:28:46 [notice] 1#1: built by gcc 10.2.1 20210110 (Debian 10.2.1-6) 
2023/11/30 10:28:46 [notice] 1#1: OS: Linux 6.5.0-kali3-amd64
2023/11/30 10:28:46 [notice] 1#1: getrlimit(RLIMIT_NOFILE): 1048576:1048576
2023/11/30 10:28:46 [notice] 1#1: start worker processes
2023/11/30 10:28:46 [notice] 1#1: start worker process 30
2023/11/30 10:28:46 [notice] 1#1: start worker process 31
2023/11/30 10:28:46 [notice] 1#1: start worker process 32
2023/11/30 10:28:46 [notice] 1#1: start worker process 33
2023/11/30 10:28:47 [error] 30#30: *1 connect() failed (111: Connection refused) while connecting to upstream, client: 172.27.0.1, server: , request: "GET / HTTP/1.1", upstream: "http://172.27.0.2:3000/", host: "localhost:81", referrer: "http://localhost:81/"
2023/11/30 10:37:42 [emerg] 1#1: host not found in upstream "react" in /etc/nginx/conf.d/default.conf:14
2023/11/30 10:38:23 [emerg] 1#1: host not found in upstream "react" in /etc/nginx/conf.d/default.conf:14
2023/11/30 10:38:45 [emerg] 1#1: host not found in upstream "frontend" in /etc/nginx/conf.d/default.conf:14
2023/11/30 10:40:07 [emerg] 1#1: host not found in upstream "frontend" in /etc/nginx/conf.d/default.conf:14
2023/11/30 10:41:32 [notice] 1#1: using the "epoll" event method
2023/11/30 10:41:32 [notice] 1#1: nginx/1.20.2
2023/11/30 10:41:32 [notice] 1#1: built by gcc 10.2.1 20210110 (Debian 10.2.1-6) 
2023/11/30 10:41:32 [notice] 1#1: OS: Linux 6.5.0-kali3-amd64
2023/11/30 10:41:32 [notice] 1#1: getrlimit(RLIMIT_NOFILE): 1048576:1048576
2023/11/30 10:41:32 [notice] 1#1: start worker processes
2023/11/30 10:41:32 [notice] 1#1: start worker process 30
2023/11/30 10:41:32 [notice] 1#1: start worker process 31
2023/11/30 10:41:32 [notice] 1#1: start worker process 32
2023/11/30 10:41:32 [notice] 1#1: start worker process 33
2023/11/30 10:42:31 [error] 30#30: *1 connect() failed (113: No route to host) while connecting to upstream, client: 172.21.0.1, server: , request: "GET / HTTP/1.1", upstream: "http://172.21.0.2:3000/", host: "localhost"
2023/11/30 10:46:30 [notice] 1#1: signal 3 (SIGQUIT) received, shutting down
2023/11/30 10:46:30 [notice] 30#30: gracefully shutting down
2023/11/30 10:46:30 [notice] 33#33: gracefully shutting down
2023/11/30 10:46:30 [notice] 31#31: gracefully shutting down
2023/11/30 10:46:30 [notice] 32#32: gracefully shutting down
2023/11/30 10:46:30 [notice] 30#30: exiting
2023/11/30 10:46:30 [notice] 33#33: exiting
2023/11/30 10:46:30 [notice] 30#30: exit
2023/11/30 10:46:30 [notice] 31#31: exiting
2023/11/30 10:46:30 [notice] 31#31: exit
2023/11/30 10:46:30 [notice] 32#32: exiting
2023/11/30 10:46:30 [notice] 33#33: exit
2023/11/30 10:46:30 [notice] 32#32: exit
2023/11/30 10:46:30 [notice] 1#1: signal 17 (SIGCHLD) received from 30
2023/11/30 10:46:30 [notice] 1#1: worker process 30 exited with code 0
2023/11/30 10:46:30 [notice] 1#1: worker process 31 exited with code 0
2023/11/30 10:46:30 [notice] 1#1: signal 29 (SIGIO) received
2023/11/30 10:46:30 [notice] 1#1: signal 17 (SIGCHLD) received from 33
2023/11/30 10:46:30 [notice] 1#1: worker process 33 exited with code 0
2023/11/30 10:46:30 [notice] 1#1: worker process 32 exited with code 0
2023/11/30 10:46:30 [notice] 1#1: exit
2023/11/30 10:51:08 [notice] 1#1: using the "epoll" event method
2023/11/30 10:51:08 [notice] 1#1: nginx/1.20.2
2023/11/30 10:51:08 [notice] 1#1: built by gcc 10.2.1 20210110 (Debian 10.2.1-6) 
2023/11/30 10:51:08 [notice] 1#1: OS: Linux 6.5.0-kali3-amd64
2023/11/30 10:51:08 [notice] 1#1: getrlimit(RLIMIT_NOFILE): 1048576:1048576
2023/11/30 10:51:08 [notice] 1#1: start worker processes
2023/11/30 10:51:08 [notice] 1#1: start worker process 30
2023/11/30 10:51:08 [notice] 1#1: start worker process 31
2023/11/30 10:51:08 [notice] 1#1: start worker process 32
2023/11/30 10:51:08 [notice] 1#1: start worker process 33
2023/11/30 10:54:46 [error] 30#30: *1 connect() failed (113: No route to host) while connecting to upstream, client: 172.21.0.1, server: , request: "GET / HTTP/1.1", upstream: "http://172.21.0.2:3000/", host: "localhost"
2023/11/30 10:55:44 [error] 30#30: *4 connect() failed (113: No route to host) while connecting to upstream, client: 172.21.0.1, server: , request: "GET /api/book HTTP/1.1", upstream: "http://172.21.0.2:3000/api/book", host: "localhost", referrer: "http://localhost:3000/"
2023/11/30 10:55:47 [error] 30#30: *4 connect() failed (113: No route to host) while connecting to upstream, client: 172.21.0.1, server: , request: "GET /api/book HTTP/1.1", upstream: "http://172.21.0.2:3000/api/book", host: "localhost", referrer: "http://localhost:3000/"
2023/11/30 10:55:47 [error] 31#31: *6 connect() failed (113: No route to host) while connecting to upstream, client: 172.21.0.1, server: , request: "GET /api/book HTTP/1.1", upstream: "http://172.21.0.2:3000/api/book", host: "localhost", referrer: "http://localhost:3000/"
2023/11/30 10:55:50 [error] 30#30: *4 connect() failed (113: No route to host) while connecting to upstream, client: 172.21.0.1, server: , request: "GET /api/book HTTP/1.1", upstream: "http://172.21.0.2:3000/api/book", host: "localhost", referrer: "http://localhost:3000/"
2023/11/30 10:55:50 [error] 31#31: *6 connect() failed (113: No route to host) while connecting to upstream, client: 172.21.0.1, server: , request: "GET /api/book HTTP/1.1", upstream: "http://172.21.0.2:3000/api/book", host: "localhost", referrer: "http://localhost:3000/"
2023/11/30 10:55:53 [error] 31#31: *6 connect() failed (113: No route to host) while connecting to upstream, client: 172.21.0.1, server: , request: "GET /api/book HTTP/1.1", upstream: "http://172.21.0.2:3000/api/book", host: "localhost", referrer: "http://localhost:3000/"
2023/11/30 10:55:56 [error] 31#31: *6 connect() failed (113: No route to host) while connecting to upstream, client: 172.21.0.1, server: , request: "GET /api/book HTTP/1.1", upstream: "http://172.21.0.2:3000/api/book", host: "localhost", referrer: "http://localhost:3000/"
2023/11/30 10:56:04 [error] 31#31: *6 connect() failed (113: No route to host) while connecting to upstream, client: 172.21.0.1, server: , request: "GET /api/book HTTP/1.1", upstream: "http://172.21.0.2:3000/api/book", host: "localhost", referrer: "http://localhost:3000/"
2023/11/30 10:56:07 [error] 31#31: *6 connect() failed (113: No route to host) while connecting to upstream, client: 172.21.0.1, server: , request: "GET /api/book HTTP/1.1", upstream: "http://172.21.0.2:3000/api/book", host: "localhost", referrer: "http://localhost:3000/"
2023/11/30 10:56:07 [error] 30#30: *4 connect() failed (113: No route to host) while connecting to upstream, client: 172.21.0.1, server: , request: "GET /api/book HTTP/1.1", upstream: "http://172.21.0.2:3000/api/book", host: "localhost", referrer: "http://localhost:3000/"
2023/11/30 10:58:12 [notice] 1#1: signal 3 (SIGQUIT) received, shutting down
2023/11/30 10:58:12 [notice] 30#30: gracefully shutting down
2023/11/30 10:58:12 [notice] 33#33: gracefully shutting down
2023/11/30 10:58:12 [notice] 31#31: gracefully shutting down
2023/11/30 10:58:12 [notice] 33#33: exiting
2023/11/30 10:58:12 [notice] 32#32: gracefully shutting down
2023/11/30 10:58:12 [notice] 33#33: exit
2023/11/30 10:58:12 [notice] 30#30: exiting
2023/11/30 10:58:12 [notice] 31#31: exiting
2023/11/30 10:58:12 [notice] 32#32: exiting
2023/11/30 10:58:12 [notice] 31#31: exit
2023/11/30 10:58:12 [notice] 30#30: exit
2023/11/30 10:58:12 [notice] 32#32: exit
2023/11/30 10:58:12 [notice] 1#1: signal 17 (SIGCHLD) received from 31
2023/11/30 10:58:12 [notice] 1#1: worker process 31 exited with code 0
2023/11/30 10:58:12 [notice] 1#1: signal 29 (SIGIO) received
2023/11/30 10:58:12 [notice] 1#1: signal 17 (SIGCHLD) received from 33
2023/11/30 10:58:12 [notice] 1#1: worker process 30 exited with code 0
2023/11/30 10:58:12 [notice] 1#1: worker process 32 exited with code 0
2023/11/30 10:58:12 [notice] 1#1: worker process 33 exited with code 0
2023/11/30 10:58:12 [notice] 1#1: exit
2023/11/30 10:58:47 [emerg] 1#1: host not found in upstream "frontend" in /etc/nginx/conf.d/default.conf:14
2023/11/30 10:59:29 [emerg] 1#1: host not found in upstream "frontend" in /etc/nginx/conf.d/default.conf:14
2023/11/30 11:01:47 [emerg] 1#1: host not found in upstream "frontend" in /etc/nginx/conf.d/default.conf:14
2023/11/30 11:20:51 [notice] 1#1: using the "epoll" event method
2023/11/30 11:20:51 [notice] 1#1: nginx/1.20.2
2023/11/30 11:20:51 [notice] 1#1: built by gcc 10.2.1 20210110 (Debian 10.2.1-6) 
2023/11/30 11:20:51 [notice] 1#1: OS: Linux 6.5.0-kali3-amd64
2023/11/30 11:20:51 [notice] 1#1: getrlimit(RLIMIT_NOFILE): 1048576:1048576
2023/11/30 11:20:51 [notice] 1#1: start worker processes
2023/11/30 11:20:51 [notice] 1#1: start worker process 30
2023/11/30 11:20:51 [notice] 1#1: start worker process 31
2023/11/30 11:20:51 [notice] 1#1: start worker process 32
2023/11/30 11:20:51 [notice] 1#1: start worker process 33
2023/11/30 11:21:45 [notice] 1#1: signal 3 (SIGQUIT) received, shutting down
2023/11/30 11:21:45 [notice] 30#30: gracefully shutting down
2023/11/30 11:21:45 [notice] 32#32: gracefully shutting down
2023/11/30 11:21:45 [notice] 31#31: gracefully shutting down
2023/11/30 11:21:45 [notice] 33#33: gracefully shutting down
2023/11/30 11:21:45 [notice] 30#30: exiting
2023/11/30 11:21:45 [notice] 32#32: exiting
2023/11/30 11:21:45 [notice] 31#31: exiting
2023/11/30 11:21:45 [notice] 31#31: exit
2023/11/30 11:21:45 [notice] 33#33: exiting
2023/11/30 11:21:45 [notice] 32#32: exit
2023/11/30 11:21:45 [notice] 30#30: exit
2023/11/30 11:21:45 [notice] 33#33: exit
2023/11/30 11:21:45 [notice] 1#1: signal 17 (SIGCHLD) received from 32
2023/11/30 11:21:45 [notice] 1#1: worker process 32 exited with code 0
2023/11/30 11:21:45 [notice] 1#1: signal 29 (SIGIO) received
2023/11/30 11:21:46 [notice] 1#1: signal 17 (SIGCHLD) received from 30
2023/11/30 11:21:46 [notice] 1#1: worker process 30 exited with code 0
2023/11/30 11:21:46 [notice] 1#1: worker process 31 exited with code 0
2023/11/30 11:21:46 [notice] 1#1: worker process 33 exited with code 0
2023/11/30 11:21:46 [notice] 1#1: exit
2023/11/30 11:31:35 [notice] 1#1: using the "epoll" event method
2023/11/30 11:31:35 [notice] 1#1: nginx/1.20.2
2023/11/30 11:31:35 [notice] 1#1: built by gcc 10.2.1 20210110 (Debian 10.2.1-6) 
2023/11/30 11:31:35 [notice] 1#1: OS: Linux 6.5.0-kali3-amd64
2023/11/30 11:31:35 [notice] 1#1: getrlimit(RLIMIT_NOFILE): 1048576:1048576
2023/11/30 11:31:35 [notice] 1#1: start worker processes
2023/11/30 11:31:35 [notice] 1#1: start worker process 31
2023/11/30 11:31:35 [notice] 1#1: start worker process 32
2023/11/30 11:31:35 [notice] 1#1: start worker process 33
2023/11/30 11:31:35 [notice] 1#1: start worker process 34
2023/11/30 11:31:53 [notice] 1#1: signal 3 (SIGQUIT) received, shutting down
2023/11/30 11:31:53 [notice] 31#31: gracefully shutting down
2023/11/30 11:31:53 [notice] 34#34: gracefully shutting down
2023/11/30 11:31:53 [notice] 32#32: gracefully shutting down
2023/11/30 11:31:53 [notice] 32#32: exiting
2023/11/30 11:31:53 [notice] 33#33: gracefully shutting down
2023/11/30 11:31:53 [notice] 31#31: exiting
2023/11/30 11:31:53 [notice] 34#34: exiting
2023/11/30 11:31:53 [notice] 32#32: exit
2023/11/30 11:31:53 [notice] 33#33: exiting
2023/11/30 11:31:53 [notice] 31#31: exit
2023/11/30 11:31:53 [notice] 33#33: exit
2023/11/30 11:31:53 [notice] 34#34: exit
2023/11/30 11:31:53 [notice] 1#1: signal 17 (SIGCHLD) received from 31
2023/11/30 11:31:53 [notice] 1#1: worker process 31 exited with code 0
2023/11/30 11:31:53 [notice] 1#1: signal 29 (SIGIO) received
2023/11/30 11:31:53 [notice] 1#1: signal 17 (SIGCHLD) received from 32
2023/11/30 11:31:53 [notice] 1#1: worker process 32 exited with code 0
2023/11/30 11:31:53 [notice] 1#1: worker process 33 exited with code 0
2023/11/30 11:31:53 [notice] 1#1: worker process 34 exited with code 0
2023/11/30 11:31:53 [notice] 1#1: exit
2023/11/30 11:32:39 [notice] 1#1: using the "epoll" event method
2023/11/30 11:32:39 [notice] 1#1: nginx/1.20.2
2023/11/30 11:32:39 [notice] 1#1: built by gcc 10.2.1 20210110 (Debian 10.2.1-6) 
2023/11/30 11:32:39 [notice] 1#1: OS: Linux 6.5.0-kali3-amd64
2023/11/30 11:32:39 [notice] 1#1: getrlimit(RLIMIT_NOFILE): 1048576:1048576
2023/11/30 11:32:39 [notice] 1#1: start worker processes
2023/11/30 11:32:39 [notice] 1#1: start worker process 30
2023/11/30 11:32:39 [notice] 1#1: start worker process 31
2023/11/30 11:32:39 [notice] 1#1: start worker process 32
2023/11/30 11:32:39 [notice] 1#1: start worker process 33
2023/11/30 11:33:15 [notice] 1#1: signal 3 (SIGQUIT) received, shutting down
2023/11/30 11:33:15 [notice] 31#31: gracefully shutting down
2023/11/30 11:33:15 [notice] 30#30: gracefully shutting down
2023/11/30 11:33:15 [notice] 32#32: gracefully shutting down
2023/11/30 11:33:15 [notice] 32#32: exiting
2023/11/30 11:33:15 [notice] 33#33: gracefully shutting down
2023/11/30 11:33:15 [notice] 31#31: exiting
2023/11/30 11:33:15 [notice] 32#32: exit
2023/11/30 11:33:15 [notice] 33#33: exiting
2023/11/30 11:33:15 [notice] 31#31: exit
2023/11/30 11:33:15 [notice] 33#33: exit
2023/11/30 11:33:15 [notice] 1#1: signal 17 (SIGCHLD) received from 32
2023/11/30 11:33:15 [notice] 1#1: worker process 32 exited with code 0
2023/11/30 11:33:15 [notice] 1#1: worker process 31 exited with code 0
2023/11/30 11:33:15 [notice] 1#1: worker process 33 exited with code 0
2023/11/30 11:33:15 [notice] 1#1: signal 29 (SIGIO) received
2023/11/30 11:33:15 [notice] 1#1: signal 17 (SIGCHLD) received from 31
2023/11/30 11:34:00 [notice] 1#1: using the "epoll" event method
2023/11/30 11:34:00 [notice] 1#1: nginx/1.20.2
2023/11/30 11:34:00 [notice] 1#1: built by gcc 10.2.1 20210110 (Debian 10.2.1-6) 
2023/11/30 11:34:00 [notice] 1#1: OS: Linux 6.5.0-kali3-amd64
2023/11/30 11:34:00 [notice] 1#1: getrlimit(RLIMIT_NOFILE): 1048576:1048576
2023/11/30 11:34:00 [notice] 1#1: start worker processes
2023/11/30 11:34:00 [notice] 1#1: start worker process 31
2023/11/30 11:34:00 [notice] 1#1: start worker process 32
2023/11/30 11:34:00 [notice] 1#1: start worker process 33
2023/11/30 11:34:00 [notice] 1#1: start worker process 34
2023/11/30 11:37:26 [notice] 1#1: signal 3 (SIGQUIT) received, shutting down
2023/11/30 11:37:26 [notice] 31#31: gracefully shutting down
2023/11/30 11:37:26 [notice] 34#34: gracefully shutting down
2023/11/30 11:37:26 [notice] 32#32: gracefully shutting down
2023/11/30 11:37:26 [notice] 33#33: gracefully shutting down
2023/11/30 11:37:26 [notice] 34#34: exiting
2023/11/30 11:37:26 [notice] 32#32: exiting
2023/11/30 11:37:26 [notice] 34#34: exit
2023/11/30 11:37:26 [notice] 33#33: exiting
2023/11/30 11:37:26 [notice] 32#32: exit
2023/11/30 11:37:26 [notice] 33#33: exit
2023/11/30 11:37:26 [notice] 1#1: signal 17 (SIGCHLD) received from 32
2023/11/30 11:37:26 [notice] 1#1: worker process 32 exited with code 0
2023/11/30 11:37:26 [notice] 1#1: worker process 34 exited with code 0
2023/11/30 11:37:26 [notice] 1#1: signal 29 (SIGIO) received
2023/11/30 11:37:26 [notice] 1#1: signal 17 (SIGCHLD) received from 34
2023/11/30 11:37:26 [notice] 1#1: signal 17 (SIGCHLD) received from 33
2023/11/30 11:37:26 [notice] 1#1: worker process 33 exited with code 0
2023/11/30 11:37:26 [notice] 1#1: signal 29 (SIGIO) received
2023/11/30 11:42:02 [notice] 1#1: using the "epoll" event method
2023/11/30 11:42:02 [notice] 1#1: nginx/1.20.2
2023/11/30 11:42:02 [notice] 1#1: built by gcc 10.2.1 20210110 (Debian 10.2.1-6) 
2023/11/30 11:42:02 [notice] 1#1: OS: Linux 6.5.0-kali3-amd64
2023/11/30 11:42:02 [notice] 1#1: getrlimit(RLIMIT_NOFILE): 1048576:1048576
2023/11/30 11:42:02 [notice] 1#1: start worker processes
2023/11/30 11:42:02 [notice] 1#1: start worker process 30
2023/11/30 11:42:02 [notice] 1#1: start worker process 31
2023/11/30 11:42:02 [notice] 1#1: start worker process 32
2023/11/30 11:42:02 [notice] 1#1: start worker process 33
2023/11/30 11:42:19 [notice] 1#1: signal 3 (SIGQUIT) received, shutting down
2023/11/30 11:42:19 [notice] 32#32: gracefully shutting down
2023/11/30 11:42:19 [notice] 33#33: gracefully shutting down
2023/11/30 11:42:19 [notice] 33#33: exiting
2023/11/30 11:42:19 [notice] 31#31: gracefully shutting down
2023/11/30 11:42:19 [notice] 31#31: exiting
2023/11/30 11:42:19 [notice] 30#30: gracefully shutting down
2023/11/30 11:42:19 [notice] 32#32: exiting
2023/11/30 11:42:19 [notice] 33#33: exit
2023/11/30 11:42:19 [notice] 31#31: exit
2023/11/30 11:42:19 [notice] 32#32: exit
2023/11/30 11:42:19 [notice] 1#1: signal 17 (SIGCHLD) received from 33
2023/11/30 11:42:19 [notice] 1#1: worker process 32 exited with code 0
2023/11/30 11:42:19 [notice] 1#1: worker process 33 exited with code 0
2023/11/30 11:42:19 [notice] 1#1: signal 29 (SIGIO) received
2023/11/30 11:42:19 [notice] 1#1: signal 17 (SIGCHLD) received from 32
2023/11/30 11:42:19 [notice] 1#1: signal 17 (SIGCHLD) received from 31
2023/11/30 11:42:19 [notice] 1#1: worker process 31 exited with code 0
2023/11/30 11:42:19 [notice] 1#1: signal 29 (SIGIO) received
2023/11/30 11:44:50 [notice] 1#1: using the "epoll" event method
2023/11/30 11:44:50 [notice] 1#1: nginx/1.20.2
2023/11/30 11:44:50 [notice] 1#1: built by gcc 10.2.1 20210110 (Debian 10.2.1-6) 
2023/11/30 11:44:50 [notice] 1#1: OS: Linux 6.5.0-kali3-amd64
2023/11/30 11:44:50 [notice] 1#1: getrlimit(RLIMIT_NOFILE): 1048576:1048576
2023/11/30 11:44:50 [notice] 1#1: start worker processes
2023/11/30 11:44:50 [notice] 1#1: start worker process 30
2023/11/30 11:44:50 [notice] 1#1: start worker process 31
2023/11/30 11:44:50 [notice] 1#1: start worker process 32
2023/11/30 11:44:50 [notice] 1#1: start worker process 33
2023/11/30 11:51:33 [error] 30#30: *34 connect() failed (111: Connection refused) while connecting to upstream, client: 172.21.0.1, server: , request: "GET / HTTP/1.1", upstream: "http://172.21.0.5:3000/", host: "localhost", referrer: "http://localhost/"
2023/11/30 11:51:33 [error] 30#30: *34 connect() failed (111: Connection refused) while connecting to upstream, client: 172.21.0.1, server: , request: "GET / HTTP/1.1", upstream: "http://172.21.0.5:3000/", host: "localhost", referrer: "http://localhost/"
2023/11/30 11:51:36 [notice] 1#1: signal 3 (SIGQUIT) received, shutting down
2023/11/30 11:51:36 [notice] 33#33: gracefully shutting down
2023/11/30 11:51:36 [notice] 32#32: gracefully shutting down
2023/11/30 11:51:36 [notice] 31#31: gracefully shutting down
2023/11/30 11:51:36 [notice] 31#31: exiting
2023/11/30 11:51:36 [notice] 31#31: exit
2023/11/30 11:51:36 [notice] 30#30: gracefully shutting down
2023/11/30 11:51:36 [notice] 33#33: exiting
2023/11/30 11:51:36 [notice] 33#33: exit
2023/11/30 11:51:36 [notice] 32#32: exiting
2023/11/30 11:51:36 [notice] 32#32: exit
2023/11/30 11:51:36 [notice] 30#30: exiting
2023/11/30 11:51:36 [notice] 30#30: exit
2023/11/30 11:51:36 [notice] 1#1: signal 17 (SIGCHLD) received from 33
2023/11/30 11:51:36 [notice] 1#1: worker process 30 exited with code 0
2023/11/30 11:51:36 [notice] 1#1: worker process 33 exited with code 0
2023/11/30 11:51:36 [notice] 1#1: signal 29 (SIGIO) received
2023/11/30 11:51:36 [notice] 1#1: signal 17 (SIGCHLD) received from 32
2023/11/30 11:51:36 [notice] 1#1: worker process 31 exited with code 0
2023/11/30 11:51:36 [notice] 1#1: worker process 32 exited with code 0
2023/11/30 11:51:36 [notice] 1#1: exit
2023/11/30 11:51:42 [notice] 1#1: using the "epoll" event method
2023/11/30 11:51:42 [notice] 1#1: nginx/1.20.2
2023/11/30 11:51:42 [notice] 1#1: built by gcc 10.2.1 20210110 (Debian 10.2.1-6) 
2023/11/30 11:51:42 [notice] 1#1: OS: Linux 6.5.0-kali3-amd64
2023/11/30 11:51:42 [notice] 1#1: getrlimit(RLIMIT_NOFILE): 1048576:1048576
2023/11/30 11:51:42 [notice] 1#1: start worker processes
2023/11/30 11:51:42 [notice] 1#1: start worker process 30
2023/11/30 11:51:42 [notice] 1#1: start worker process 31
2023/11/30 11:51:42 [notice] 1#1: start worker process 32
2023/11/30 11:51:42 [notice] 1#1: start worker process 33
2023/11/30 11:53:54 [notice] 1#1: signal 3 (SIGQUIT) received, shutting down
2023/11/30 11:53:54 [notice] 31#31: gracefully shutting down
2023/11/30 11:53:54 [notice] 30#30: gracefully shutting down
2023/11/30 11:53:54 [notice] 33#33: gracefully shutting down
2023/11/30 11:53:54 [notice] 33#33: exiting
2023/11/30 11:53:54 [notice] 32#32: gracefully shutting down
2023/11/30 11:53:54 [notice] 31#31: exiting
2023/11/30 11:53:54 [notice] 30#30: exiting
2023/11/30 11:53:54 [notice] 33#33: exit
2023/11/30 11:53:54 [notice] 31#31: exit
2023/11/30 11:53:54 [notice] 30#30: exit
2023/11/30 11:53:54 [notice] 1#1: signal 17 (SIGCHLD) received from 33
2023/11/30 11:53:54 [notice] 1#1: worker process 31 exited with code 0
2023/11/30 11:53:54 [notice] 1#1: worker process 33 exited with code 0
2023/11/30 11:53:54 [notice] 1#1: signal 29 (SIGIO) received
2023/11/30 11:53:54 [notice] 1#1: signal 17 (SIGCHLD) received from 30
2023/11/30 11:53:54 [notice] 1#1: worker process 30 exited with code 0
2023/11/30 11:53:54 [notice] 1#1: signal 29 (SIGIO) received
2023/11/30 11:54:44 [notice] 1#1: using the "epoll" event method
2023/11/30 11:54:44 [notice] 1#1: nginx/1.20.2
2023/11/30 11:54:44 [notice] 1#1: built by gcc 10.2.1 20210110 (Debian 10.2.1-6) 
2023/11/30 11:54:44 [notice] 1#1: OS: Linux 6.5.0-kali3-amd64
2023/11/30 11:54:44 [notice] 1#1: getrlimit(RLIMIT_NOFILE): 1048576:1048576
2023/11/30 11:54:44 [notice] 1#1: start worker processes
2023/11/30 11:54:44 [notice] 1#1: start worker process 31
2023/11/30 11:54:44 [notice] 1#1: start worker process 32
2023/11/30 11:54:44 [notice] 1#1: start worker process 33
2023/11/30 11:54:44 [notice] 1#1: start worker process 34
2023/11/30 12:10:04 [notice] 1#1: signal 3 (SIGQUIT) received, shutting down
2023/11/30 12:10:05 [notice] 31#31: gracefully shutting down
2023/11/30 12:10:05 [notice] 32#32: gracefully shutting down
2023/11/30 12:10:05 [notice] 33#33: gracefully shutting down
2023/11/30 12:10:05 [notice] 34#34: gracefully shutting down
2023/11/30 12:10:05 [notice] 32#32: exiting
2023/11/30 12:10:05 [notice] 32#32: exit
2023/11/30 12:10:05 [notice] 33#33: exiting
2023/11/30 12:10:05 [notice] 33#33: exit
2023/11/30 12:10:05 [notice] 34#34: exiting
2023/11/30 12:10:05 [notice] 34#34: exit
2023/11/30 12:10:05 [notice] 1#1: signal 17 (SIGCHLD) received from 34
2023/11/30 12:10:05 [notice] 1#1: worker process 34 exited with code 0
2023/11/30 12:10:05 [notice] 1#1: signal 29 (SIGIO) received
2023/11/30 12:10:05 [notice] 1#1: signal 17 (SIGCHLD) received from 33
2023/11/30 12:10:05 [notice] 1#1: worker process 33 exited with code 0
2023/11/30 12:10:05 [notice] 1#1: signal 29 (SIGIO) received
2023/11/30 12:10:05 [notice] 1#1: signal 17 (SIGCHLD) received from 32
2023/11/30 12:10:05 [notice] 1#1: worker process 32 exited with code 0
2023/11/30 12:10:05 [notice] 1#1: signal 29 (SIGIO) received
2023/11/30 14:23:09 [notice] 1#1: using the "epoll" event method
2023/11/30 14:23:09 [notice] 1#1: nginx/1.20.2
2023/11/30 14:23:09 [notice] 1#1: built by gcc 10.2.1 20210110 (Debian 10.2.1-6) 
2023/11/30 14:23:09 [notice] 1#1: OS: Linux 6.5.0-kali3-amd64
2023/11/30 14:23:09 [notice] 1#1: getrlimit(RLIMIT_NOFILE): 1048576:1048576
2023/11/30 14:23:09 [notice] 1#1: start worker processes
2023/11/30 14:23:09 [notice] 1#1: start worker process 30
2023/11/30 14:23:09 [notice] 1#1: start worker process 31
2023/11/30 14:23:09 [notice] 1#1: start worker process 32
2023/11/30 14:23:09 [notice] 1#1: start worker process 33
2023/11/30 14:23:24 [notice] 1#1: signal 3 (SIGQUIT) received, shutting down
2023/11/30 14:23:24 [notice] 31#31: gracefully shutting down
2023/11/30 14:23:24 [notice] 31#31: exiting
2023/11/30 14:23:24 [notice] 30#30: gracefully shutting down
2023/11/30 14:23:24 [notice] 30#30: exiting
2023/11/30 14:23:24 [notice] 32#32: gracefully shutting down
2023/11/30 14:23:24 [notice] 32#32: exiting
2023/11/30 14:23:24 [notice] 33#33: gracefully shutting down
2023/11/30 14:23:24 [notice] 31#31: exit
2023/11/30 14:23:24 [notice] 33#33: exiting
2023/11/30 14:23:24 [notice] 30#30: exit
2023/11/30 14:23:24 [notice] 32#32: exit
2023/11/30 14:23:24 [notice] 33#33: exit
2023/11/30 14:23:24 [notice] 1#1: signal 17 (SIGCHLD) received from 31
2023/11/30 14:23:24 [notice] 1#1: worker process 31 exited with code 0
2023/11/30 14:23:24 [notice] 1#1: signal 29 (SIGIO) received
2023/11/30 14:23:24 [notice] 1#1: signal 17 (SIGCHLD) received from 30
2023/11/30 14:23:24 [notice] 1#1: worker process 30 exited with code 0
2023/11/30 14:23:24 [notice] 1#1: signal 29 (SIGIO) received
2023/11/30 14:23:24 [notice] 1#1: signal 17 (SIGCHLD) received from 33
2023/11/30 14:23:24 [notice] 1#1: worker process 33 exited with code 0
2023/11/30 14:23:24 [notice] 1#1: signal 29 (SIGIO) received
2023/11/30 14:23:24 [notice] 1#1: signal 17 (SIGCHLD) received from 32
2023/11/30 14:23:24 [notice] 1#1: worker process 32 exited with code 0
2023/11/30 14:23:24 [notice] 1#1: exit
2023/11/30 14:24:00 [notice] 1#1: using the "epoll" event method
2023/11/30 14:24:00 [notice] 1#1: nginx/1.20.2
2023/11/30 14:24:00 [notice] 1#1: built by gcc 10.2.1 20210110 (Debian 10.2.1-6) 
2023/11/30 14:24:00 [notice] 1#1: OS: Linux 6.5.0-kali3-amd64
2023/11/30 14:24:00 [notice] 1#1: getrlimit(RLIMIT_NOFILE): 1048576:1048576
2023/11/30 14:24:00 [notice] 1#1: start worker processes
2023/11/30 14:24:00 [notice] 1#1: start worker process 30
2023/11/30 14:24:00 [notice] 1#1: start worker process 31
2023/11/30 14:24:00 [notice] 1#1: start worker process 32
2023/11/30 14:24:00 [notice] 1#1: start worker process 33
2023/11/30 14:24:05 [error] 30#30: *1 connect() failed (111: Connection refused) while connecting to upstream, client: 172.21.0.1, server: , request: "GET / HTTP/1.1", upstream: "http://172.21.0.5:3000/", host: "localhost"
2023/11/30 14:28:14 [notice] 1#1: signal 3 (SIGQUIT) received, shutting down
2023/11/30 14:28:14 [notice] 30#30: gracefully shutting down
2023/11/30 14:28:14 [notice] 32#32: gracefully shutting down
2023/11/30 14:28:14 [notice] 32#32: exiting
2023/11/30 14:28:14 [notice] 31#31: gracefully shutting down
2023/11/30 14:28:14 [notice] 33#33: gracefully shutting down
2023/11/30 14:28:14 [notice] 33#33: exiting
2023/11/30 14:28:14 [notice] 33#33: exit
2023/11/30 14:28:14 [notice] 30#30: exiting
2023/11/30 14:28:14 [notice] 32#32: exit
2023/11/30 14:28:14 [notice] 31#31: exiting
2023/11/30 14:28:14 [notice] 30#30: exit
2023/11/30 14:28:14 [notice] 31#31: exit
2023/11/30 14:28:14 [notice] 1#1: signal 17 (SIGCHLD) received from 33
2023/11/30 14:28:14 [notice] 1#1: worker process 32 exited with code 0
2023/11/30 14:28:14 [notice] 1#1: worker process 33 exited with code 0
2023/11/30 14:28:14 [notice] 1#1: signal 29 (SIGIO) received
2023/11/30 14:28:14 [notice] 1#1: signal 17 (SIGCHLD) received from 32
2023/11/30 14:28:14 [notice] 1#1: worker process 31 exited with code 0
2023/11/30 14:28:14 [notice] 1#1: signal 29 (SIGIO) received
2023/11/30 14:28:14 [notice] 1#1: signal 17 (SIGCHLD) received from 30
2023/11/30 14:28:14 [notice] 1#1: worker process 30 exited with code 0
2023/11/30 14:28:14 [notice] 1#1: exit
2023/11/30 14:29:22 [notice] 1#1: using the "epoll" event method
2023/11/30 14:29:22 [notice] 1#1: nginx/1.20.2
2023/11/30 14:29:22 [notice] 1#1: built by gcc 10.2.1 20210110 (Debian 10.2.1-6) 
2023/11/30 14:29:22 [notice] 1#1: OS: Linux 6.5.0-kali3-amd64
2023/11/30 14:29:22 [notice] 1#1: getrlimit(RLIMIT_NOFILE): 1048576:1048576
2023/11/30 14:29:22 [notice] 1#1: start worker processes
2023/11/30 14:29:22 [notice] 1#1: start worker process 30
2023/11/30 14:29:22 [notice] 1#1: start worker process 31
2023/11/30 14:29:22 [notice] 1#1: start worker process 32
2023/11/30 14:29:22 [notice] 1#1: start worker process 33
